********************************************************************************
                        Threshold Voltage Group Report                         

Vth Group                All                Blackbox           Non-blackbox
Name                    cells                cells                cells
********************************************************************************
HVT                  7210  (93.37%)          0   (0.00%)       7210  (93.37%)   
LVT                   512   (6.63%)          0   (0.00%)        512   (6.63%)   
********************************************************************************
Total                7722 (100.00%)          0   (0.00%)       7722 (100.00%)   

Vth Group                All                Blackbox           Non-blackbox
Name                  cell area            cell area            cell area
********************************************************************************
HVT              29616.08  (94.04%)       0.00   (0.00%)   29616.08  (94.04%)   
LVT               1875.64   (5.96%)       0.00   (0.00%)    1875.64   (5.96%)   
********************************************************************************
Total            31491.72 (100.00%)       0.00   (0.00%)   31491.72 (100.00%)   
1
