********************************************************************************
                        Threshold Voltage Group Report                         

Vth Group                All                Blackbox           Non-blackbox
Name                    cells                cells                cells
********************************************************************************
HVT                  2887  (31.89%)          0   (0.00%)       2887  (31.89%)   
LVT                  6165  (68.11%)          0   (0.00%)       6165  (68.11%)   
********************************************************************************
Total                9052 (100.00%)          0   (0.00%)       9052 (100.00%)   

Vth Group                All                Blackbox           Non-blackbox
Name                  cell area            cell area            cell area
********************************************************************************
HVT               9875.84  (27.77%)       0.00   (0.00%)    9875.84  (27.77%)   
LVT              25690.08  (72.23%)       0.00   (0.00%)   25690.08  (72.23%)   
********************************************************************************
Total            35565.92 (100.00%)       0.00   (0.00%)   35565.92 (100.00%)   
1
